// Jest Snapshot v1, https://goo.gl/fbAQLP

exports[`api manifest generation should generate a manifest from multiple collections 1`] = `
[
  {
    "moduleName": "cdk",
    "packagesApiInfo": [
      {
        "entries": [
          {
            "description": "",
            "entryType": "component",
            "jsdocTags": [],
            "members": [],
            "name": "KbqButton",
            "publicUrl": "cdk/button/api#KbqButton",
            "rawComment": "",
          },
          {
            "description": "",
            "entryType": "constant",
            "jsdocTags": [],
            "members": [],
            "name": "TOOLTIP_TIMEOUT",
            "publicUrl": "cdk/button/api#TOOLTIP_TIMEOUT",
            "rawComment": "",
          },
        ],
        "packageName": "button",
      },
    ],
  },
]
`;

exports[`api manifest generation should should filter private entries 1`] = `
[
  {
    "moduleName": "components-experimental",
    "packagesApiInfo": [
      {
        "entries": [
          {
            "description": "Hint text to be shown below the form field control.",
            "entryType": "component",
            "exportAs": [
              "kbqHint",
            ],
            "extendedDoc": false,
            "generics": [],
            "implements": [],
            "isAbstract": false,
            "isService": false,
            "isStandalone": true,
            "jsdocTags": [],
            "members": [
              {
                "description": "Unique ID for the hint.",
                "inputAlias": "id",
                "isRequiredInput": false,
                "jsdocTags": [],
                "memberTags": [
                  "input",
                ],
                "memberType": "property",
                "name": "id",
                "type": "string",
              },
              {
                "description": "Component colors",
                "jsdocTags": [],
                "memberTags": [
                  "protected",
                ],
                "memberType": "property",
                "name": "colors",
                "type": "typeof KbqComponentColors",
              },
              {
                "description": "Hint color",
                "inputAlias": "color",
                "isRequiredInput": false,
                "jsdocTags": [],
                "memberTags": [
                  "input",
                ],
                "memberType": "setter",
                "name": "color",
                "type": "KbqComponentColors",
              },
              {
                "description": "",
                "inputAlias": "color",
                "isRequiredInput": false,
                "jsdocTags": [],
                "memberTags": [
                  "input",
                ],
                "memberType": "getter",
                "name": "color",
                "type": "KbqComponentColors",
              },
              {
                "description": "Disables \`color\` for the hint text.",
                "inputAlias": "fillTextOff",
                "isRequiredInput": false,
                "jsdocTags": [],
                "memberTags": [
                  "input",
                ],
                "memberType": "setter",
                "name": "fillTextOff",
                "type": "boolean",
              },
              {
                "description": "",
                "inputAlias": "fillTextOff",
                "isRequiredInput": false,
                "jsdocTags": [],
                "memberTags": [
                  "input",
                ],
                "memberType": "getter",
                "name": "fillTextOff",
                "type": "boolean",
              },
              {
                "description": "Makes the hint size smaller.",
                "inputAlias": "compact",
                "isRequiredInput": false,
                "jsdocTags": [],
                "memberTags": [
                  "input",
                ],
                "memberType": "property",
                "name": "compact",
                "type": "boolean",
              },
            ],
            "name": "KbqHint",
            "publicUrl": "components-experimental/form-field/api#KbqHint",
            "rawComment": "/** Hint text to be shown below the form field control. */",
            "selector": "kbq-hint",
            "source": {
              "endLine": 63,
              "filePath": "/packages/components-experimental/form-field/hint.ts",
              "startLine": 10,
            },
          },
          {
            "description": "Injection token that can be used to configure the default options for all kbq-form-field's.",
            "entryType": "constant",
            "extendedDoc": false,
            "jsdocTags": [],
            "members": [],
            "name": "KBQ_FORM_FIELD_DEFAULT_OPTIONS",
            "publicUrl": "components-experimental/form-field/api#KBQ_FORM_FIELD_DEFAULT_OPTIONS",
            "rawComment": "/** Injection token that can be used to configure the default options for all kbq-form-field's. */",
            "source": {
              "endLine": 48,
              "filePath": "/packages/components-experimental/form-field/form-field.ts",
              "startLine": 46,
            },
            "type": "InjectionToken<Partial<{ noBorders: boolean; }>>",
          },
          {
            "description": "Container for form controls that applies styling and behavior.",
            "entryType": "component",
            "exportAs": [
              "kbqFormField",
            ],
            "extendedDoc": false,
            "generics": [],
            "implements": [
              "AfterContentInit",
              "AfterViewInit",
              "OnDestroy",
            ],
            "isAbstract": false,
            "isService": false,
            "isStandalone": true,
            "jsdocTags": [],
            "members": [
              {
                "description": "Disables form field borders and shadows.",
                "inputAlias": "noBorders",
                "isRequiredInput": false,
                "jsdocTags": [],
                "memberTags": [
                  "input",
                ],
                "memberType": "property",
                "name": "noBorders",
                "type": "boolean",
              },
              {
                "description": "",
                "entryType": "function",
                "implementation": {
                  "description": "",
                  "entryType": "function",
                  "generics": [],
                  "isNewType": false,
                  "jsdocTags": [],
                  "name": "ngAfterContentInit",
                  "params": [],
                  "rawComment": "",
                  "returnType": "void",
                },
                "jsdocTags": [],
                "memberTags": [],
                "memberType": "method",
                "name": "ngAfterContentInit",
                "rawComment": "",
                "signatures": [
                  {
                    "description": "",
                    "entryType": "function",
                    "generics": [],
                    "isNewType": false,
                    "jsdocTags": [],
                    "name": "ngAfterContentInit",
                    "params": [],
                    "rawComment": "",
                    "returnType": "void",
                  },
                ],
              },
              {
                "description": "",
                "entryType": "function",
                "implementation": {
                  "description": "",
                  "entryType": "function",
                  "generics": [],
                  "isNewType": false,
                  "jsdocTags": [],
                  "name": "ngAfterViewInit",
                  "params": [],
                  "rawComment": "",
                  "returnType": "void",
                },
                "jsdocTags": [],
                "memberTags": [],
                "memberType": "method",
                "name": "ngAfterViewInit",
                "rawComment": "",
                "signatures": [
                  {
                    "description": "",
                    "entryType": "function",
                    "generics": [],
                    "isNewType": false,
                    "jsdocTags": [],
                    "name": "ngAfterViewInit",
                    "params": [],
                    "rawComment": "",
                    "returnType": "void",
                  },
                ],
              },
              {
                "description": "",
                "entryType": "function",
                "implementation": {
                  "description": "",
                  "entryType": "function",
                  "generics": [],
                  "isNewType": false,
                  "jsdocTags": [],
                  "name": "ngOnDestroy",
                  "params": [],
                  "rawComment": "",
                  "returnType": "void",
                },
                "jsdocTags": [],
                "memberTags": [],
                "memberType": "method",
                "name": "ngOnDestroy",
                "rawComment": "",
                "signatures": [
                  {
                    "description": "",
                    "entryType": "function",
                    "generics": [],
                    "isNewType": false,
                    "jsdocTags": [],
                    "name": "ngOnDestroy",
                    "params": [],
                    "rawComment": "",
                    "returnType": "void",
                  },
                ],
              },
              {
                "description": "Focuses the control.",
                "entryType": "function",
                "implementation": {
                  "description": "Focuses the control.",
                  "entryType": "function",
                  "generics": [],
                  "isNewType": false,
                  "jsdocTags": [],
                  "name": "focus",
                  "params": [
                    {
                      "description": "",
                      "isOptional": true,
                      "isRestParam": false,
                      "name": "options",
                      "type": "FocusOptions",
                    },
                  ],
                  "rawComment": "/** Focuses the control. */",
                  "returnType": "void",
                },
                "jsdocTags": [],
                "memberTags": [],
                "memberType": "method",
                "name": "focus",
                "rawComment": "/** Focuses the control. */",
                "signatures": [
                  {
                    "description": "Focuses the control.",
                    "entryType": "function",
                    "generics": [],
                    "isNewType": false,
                    "jsdocTags": [],
                    "name": "focus",
                    "params": [
                      {
                        "description": "",
                        "isOptional": true,
                        "isRestParam": false,
                        "name": "options",
                        "type": "FocusOptions",
                      },
                    ],
                    "rawComment": "/** Focuses the control. */",
                    "returnType": "void",
                  },
                ],
              },
              {
                "description": "",
                "entryType": "function",
                "implementation": {
                  "description": "",
                  "entryType": "function",
                  "generics": [],
                  "isNewType": false,
                  "jsdocTags": [
                    {
                      "comment": "Use \`focus\` instead.",
                      "name": "deprecated",
                    },
                  ],
                  "name": "focusViaKeyboard",
                  "params": [
                    {
                      "description": "",
                      "isOptional": true,
                      "isRestParam": false,
                      "name": "options",
                      "type": "FocusOptions",
                    },
                  ],
                  "rawComment": "/**
     * @deprecated Use \`focus\` instead.
     */",
                  "returnType": "void",
                },
                "jsdocTags": [
                  {
                    "comment": "Use \`focus\` instead.",
                    "name": "deprecated",
                  },
                ],
                "memberTags": [],
                "memberType": "method",
                "name": "focusViaKeyboard",
                "rawComment": "/**
     * @deprecated Use \`focus\` instead.
     */",
                "signatures": [
                  {
                    "description": "",
                    "entryType": "function",
                    "generics": [],
                    "isNewType": false,
                    "jsdocTags": [
                      {
                        "comment": "Use \`focus\` instead.",
                        "name": "deprecated",
                      },
                    ],
                    "name": "focusViaKeyboard",
                    "params": [
                      {
                        "description": "",
                        "isOptional": true,
                        "isRestParam": false,
                        "name": "options",
                        "type": "FocusOptions",
                      },
                    ],
                    "rawComment": "/**
     * @deprecated Use \`focus\` instead.
     */",
                    "returnType": "void",
                  },
                ],
              },
              {
                "description": "Handles a click on the control's container.",
                "entryType": "function",
                "implementation": {
                  "description": "Handles a click on the control's container.",
                  "entryType": "function",
                  "generics": [],
                  "isNewType": false,
                  "jsdocTags": [],
                  "name": "onContainerClick",
                  "params": [
                    {
                      "description": "",
                      "isOptional": false,
                      "isRestParam": false,
                      "name": "event",
                      "type": "MouseEvent",
                    },
                  ],
                  "rawComment": "/** Handles a click on the control's container. */",
                  "returnType": "void",
                },
                "jsdocTags": [],
                "memberTags": [
                  "protected",
                ],
                "memberType": "method",
                "name": "onContainerClick",
                "rawComment": "/** Handles a click on the control's container. */",
                "signatures": [
                  {
                    "description": "Handles a click on the control's container.",
                    "entryType": "function",
                    "generics": [],
                    "isNewType": false,
                    "jsdocTags": [],
                    "name": "onContainerClick",
                    "params": [
                      {
                        "description": "",
                        "isOptional": false,
                        "isRestParam": false,
                        "name": "event",
                        "type": "MouseEvent",
                      },
                    ],
                    "rawComment": "/** Handles a click on the control's container. */",
                    "returnType": "void",
                  },
                ],
              },
            ],
            "name": "KbqFormField",
            "publicUrl": "components-experimental/form-field/api#KbqFormField",
            "rawComment": "/** Container for form controls that applies styling and behavior. */",
            "selector": "kbq-form-field",
            "source": {
              "endLine": 407,
              "filePath": "/packages/components-experimental/form-field/form-field.ts",
              "startLine": 62,
            },
          },
        ],
        "packageName": "form-field",
      },
    ],
  },
]
`;
