// Jest Snapshot v1, https://jestjs.io/docs/snapshot-testing

exports[`DOCS_TRANSLATIONS matches the exact strings previously inlined across the docs components 1`] = `
{
  "apiTab": {
    "en": "API",
    "ru": "API",
  },
  "copied": {
    "en": "Copied",
    "ru": "Скопировано",
  },
  "copy": {
    "en": "Copy",
    "ru": "Скопировать",
  },
  "copySvg": {
    "en": "Copy SVG",
    "ru": "Скопировать SVG",
  },
  "cssClassName": {
    "en": "CSS Class Name",
    "ru": "Имя CSS-класса",
  },
  "designTokens": {
    "en": "Design tokens",
    "ru": "Дизайн-токены",
  },
  "downloadSvg": {
    "en": "Download SVG",
    "ru": "Скачать SVG",
  },
  "enterFullscreen": {
    "en": "Enter full screen",
    "ru": "На весь экран",
  },
  "examplesTab": {
    "en": "Examples",
    "ru": "Примеры",
  },
  "exitFullscreen": {
    "en": "Exit full screen",
    "ru": "Выйти из полноэкранного режима",
  },
  "footerExamples": {
    "en": "Examples",
    "ru": "Примеры",
  },
  "footerInterface": {
    "en": "Interface",
    "ru": "Интерфейс",
  },
  "footerLanguageGroupHeader": {
    "en": "LANGUAGE",
    "ru": "ЯЗЫК",
  },
  "footerLanguageLabel": {
    "en": "Interface and examples language",
    "ru": "Язык интерфейса и примеров",
  },
  "footerVersionGroupHeader": {
    "en": "VERSION",
    "ru": "ВЕРСИЯ",
  },
  "footerVersionLabel": {
    "en": "Version",
    "ru": "Версия",
  },
  "footerVersionLatest": {
    "en": " (latest)",
    "ru": " (последняя)",
  },
  "forMsWord": {
    "en": "For MS Word",
    "ru": "Для MS Word",
  },
  "goToMainPage": {
    "en": "Go to main page",
    "ru": "Перейти на главную страницу",
  },
  "hideExampleCode": {
    "en": "Hide code",
    "ru": "Скрыть код",
  },
  "iconColor": {
    "en": "Color",
    "ru": "Цвет",
  },
  "iconDescription": {
    "en": "Description",
    "ru": "Описание",
  },
  "iconKeywords": {
    "en": "Key words",
    "ru": "Ключевые слова",
  },
  "iconNamePlaceholder": {
    "en": "Icon name",
    "ru": "Название иконки",
  },
  "iconSize": {
    "en": "Size",
    "ru": "Размер",
  },
  "iconsAccentColorFilter": {
    "en": "Two-color only",
    "ru": "Только двухцветные",
  },
  "iconsTitle": {
    "en": "Icons",
    "ru": "Иконки",
  },
  "improvementSuggestions": {
    "en": "Suggestions for improvement",
    "ru": "Предложения по улучшению",
  },
  "loadingDocument": {
    "en": "Loading document...",
    "ru": "Загрузка документа...",
  },
  "migrationCommandsTitle": {
    "en": "Update commands",
    "ru": "Команды обновления",
  },
  "migrationComponents": {
    "en": "Components you use",
    "ru": "Используемые компоненты",
  },
  "migrationComponentsSearch": {
    "en": "Search components",
    "ru": "Поиск компонента",
  },
  "migrationFrom": {
    "en": "From",
    "ru": "С",
  },
  "migrationFromLabel": {
    "en": "From version",
    "ru": "С версии",
  },
  "migrationNothingText": {
    "en": "Update the packages with the commands above; there is nothing else to do.",
    "ru": "Обновите пакеты командами выше — больше ничего делать не нужно.",
  },
  "migrationNothingTitle": {
    "en": "No breaking changes",
    "ru": "Ломающих изменений нет",
  },
  "migrationOneMajorAtATime": {
    "en": "ng update cannot skip a major version: run each command and take the steps of that version before moving on to the next.",
    "ru": "ng update не перепрыгивает через мажорную версию: выполните команду и шаги одной версии, прежде чем переходить к следующей.",
  },
  "migrationPickPrompt": {
    "en": "Pick the version you are upgrading from",
    "ru": "Укажите, с какой версии обновляетесь",
  },
  "migrationStepDone": {
    "en": "Done",
    "ru": "Выполнено",
  },
  "migrationTo": {
    "en": "To",
    "ru": "На",
  },
  "migrationToLabel": {
    "en": "To version",
    "ru": "На версию",
  },
  "migrationUnreleased": {
    "en": "not released yet",
    "ru": "ещё не выпущена",
  },
  "nothingFound": {
    "en": "Nothing found",
    "ru": "Ничего не найдено",
  },
  "openInNewTab": {
    "en": "Open in new tab",
    "ru": "Открыть в новой вкладке",
  },
  "overviewTab": {
    "en": "Overview",
    "ru": "Обзор",
  },
  "pageNotFound": {
    "en": "Page not found",
    "ru": "Страница не найдена",
  },
  "pickerFamilies": {
    "en": "Families",
    "ru": "Семейства",
  },
  "pickerFollowDefault": {
    "en": "Follow the default again",
    "ru": "Вернуть значение по умолчанию",
  },
  "pickerNothingFound": {
    "en": "Nothing found",
    "ru": "Ничего не найдено",
  },
  "pickerPaletteGroup": {
    "en": "ENGINEER PALETTE",
    "ru": "ИНЖЕНЕРНАЯ ПАЛИТРА",
  },
  "pickerSearch": {
    "en": "Search by name",
    "ru": "Поиск по имени",
  },
  "pickerSemanticGroup": {
    "en": "SEMANTIC",
    "ru": "СЕМАНТИКА",
  },
  "pickerSteps": {
    "en": "Steps",
    "ru": "Шаги",
  },
  "playgroundAlertError": {
    "en": "Something went wrong.",
    "ru": "Что-то пошло не так.",
  },
  "playgroundAlertSuccess": {
    "en": "Saved.",
    "ru": "Сохранено.",
  },
  "playgroundAlertWarning": {
    "en": "Check this before continuing.",
    "ru": "Проверьте перед продолжением.",
  },
  "playgroundBorderRadius": {
    "en": "Border radius",
    "ru": "Скругление",
  },
  "playgroundChain": {
    "en": "Reference chain",
    "ru": "Цепочка ссылок",
  },
  "playgroundChainHint": {
    "en": "Click any component or swatch to trace its chain.",
    "ru": "Нажмите на любой компонент или образец цвета, чтобы проследить цепочку.",
  },
  "playgroundCheckbox": {
    "en": "Checkbox",
    "ru": "Чекбокс",
  },
  "playgroundCopyCss": {
    "en": "Copy CSS",
    "ru": "Скопировать CSS",
  },
  "playgroundCopyPatch": {
    "en": "Copy patch",
    "ru": "Скопировать патч",
  },
  "playgroundDisabled": {
    "en": "Disabled",
    "ru": "Недоступна",
  },
  "playgroundFamilyContrast": {
    "en": "Contrast",
    "ru": "Контраст (contrast)",
  },
  "playgroundFamilyError": {
    "en": "Error",
    "ru": "Ошибка (error)",
  },
  "playgroundFamilySuccess": {
    "en": "Success",
    "ru": "Успех (success)",
  },
  "playgroundFamilyTheme": {
    "en": "Brand (theme)",
    "ru": "Бренд (theme)",
  },
  "playgroundFamilyVisited": {
    "en": "Visited links",
    "ru": "Посещённые ссылки (visited)",
  },
  "playgroundFamilyWarning": {
    "en": "Warning",
    "ru": "Предупреждение (warning)",
  },
  "playgroundGroupBrand": {
    "en": "Brand",
    "ru": "Бренд",
  },
  "playgroundGroupLines": {
    "en": "Lines and focus",
    "ru": "Линии и фокус",
  },
  "playgroundGroupStatus": {
    "en": "Status",
    "ru": "Статусы",
  },
  "playgroundGroupSurfaces": {
    "en": "Surfaces",
    "ru": "Поверхности",
  },
  "playgroundGroupText": {
    "en": "Text and icons",
    "ru": "Текст и иконки",
  },
  "playgroundInputError": {
    "en": "This field is required",
    "ru": "Заполните поле",
  },
  "playgroundInputValue": {
    "en": "Input value",
    "ru": "Значение поля",
  },
  "playgroundIntro": {
    "en": "Every control here rewrites only the semantic.* layer — nothing downstream is touched. That is why the semantic palette exists separately from the engineering one: re-theming is a change to a single layer, not a search across all of them.",
    "ru": "Каждая настройка переписывает только слой semantic.* — всё, что ниже, не трогается. Именно ради этого семантическая палитра существует отдельно от инженерной: перекраска — это правка одного слоя, а не поиск по всем.",
  },
  "playgroundLink": {
    "en": "A link",
    "ru": "Ссылка",
  },
  "playgroundPalette": {
    "en": "Palette",
    "ru": "Палитра",
  },
  "playgroundPrimary": {
    "en": "Primary",
    "ru": "Основная",
  },
  "playgroundRadioOne": {
    "en": "First",
    "ru": "Первый",
  },
  "playgroundRadioTwo": {
    "en": "Second",
    "ru": "Второй",
  },
  "playgroundRampsAlpha": {
    "en": "Alpha",
    "ru": "Альфа",
  },
  "playgroundRampsDark": {
    "en": "dark",
    "ru": "тёмная",
  },
  "playgroundRampsHint": {
    "en": "Both themes at once — the dark* families back the dark one. Repointing a family moves the whole ramp; pinning a role moves a single step. Roles read almost only the alpha ramp.",
    "ru": "Обе темы сразу: тёмную обслуживают семейства dark*. Переназначение семейства двигает всю шкалу, закрепление роли — только один шаг. Роли читают почти исключительно альфа-шкалу.",
  },
  "playgroundRampsLight": {
    "en": "light",
    "ru": "светлая",
  },
  "playgroundRampsSolid": {
    "en": "Solid",
    "ru": "Сплошная",
  },
  "playgroundReset": {
    "en": "Reset",
    "ru": "Сбросить",
  },
  "playgroundRoleFollows": {
    "en": "follows",
    "ru": "следует за",
  },
  "playgroundRolePinned": {
    "en": "Pinned",
    "ru": "Закреплено",
  },
  "playgroundRoles": {
    "en": "Roles",
    "ru": "Роли",
  },
  "playgroundRolesEditingDark": {
    "en": "Editing the dark theme",
    "ru": "Редактируется тёмная тема",
  },
  "playgroundRolesEditingLight": {
    "en": "Editing the light theme",
    "ru": "Редактируется светлая тема",
  },
  "playgroundRolesHint": {
    "en": "A role reads the semantic layer until you pin it; a pinned role stops following the palette. You are editing the theme that is currently on — switch it in the menu above to set up the other one.",
    "ru": "Роль читает семантику, пока её не закрепили. Закреплённая роль перестаёт следовать за палитрой. Редактируется тема, включённая сейчас, — вторую настройте, переключив её в меню наверху.",
  },
  "playgroundSaveTheme": {
    "en": "Save theme",
    "ru": "Сохранить тему",
  },
  "playgroundSecondary": {
    "en": "Secondary",
    "ru": "Вторичная",
  },
  "playgroundSectionControls": {
    "en": "Controls",
    "ru": "Управление",
  },
  "playgroundSectionElevation": {
    "en": "Elevation",
    "ru": "Тени",
  },
  "playgroundSectionForms": {
    "en": "Form fields",
    "ru": "Поля ввода",
  },
  "playgroundSectionRamps": {
    "en": "Semantic ramps",
    "ru": "Семантические шкалы",
  },
  "playgroundSectionStatus": {
    "en": "Status",
    "ru": "Статусы",
  },
  "playgroundShape": {
    "en": "Shape",
    "ru": "Форма",
  },
  "playgroundThemeButton": {
    "en": "Theme",
    "ru": "Брендовая",
  },
  "playgroundThemeFadeButton": {
    "en": "Theme fade",
    "ru": "Брендовая блёклая",
  },
  "playgroundThemeSaved": {
    "en": "Theme saved",
    "ru": "Тема сохранена",
  },
  "playgroundThemeSavedHint": {
    "en": "The theme is kept in this browser. Switch it on and off from the theme menu at the top of the page; saving again overwrites it.",
    "ru": "Тема хранится в этом браузере. Включать и выключать её можно в меню темы вверху страницы, а следующее сохранение её перезапишет.",
  },
  "playgroundToggle": {
    "en": "Toggle",
    "ru": "Переключатель",
  },
  "resetState": {
    "en": "Reset state",
    "ru": "Сбросить состояние",
  },
  "seoFallbackImageAlt": {
    "en": "Koobiq design system illustration",
    "ru": "Иллюстрация дизайн-системы Koobiq",
  },
  "seoHomeTitle": {
    "en": "Koobiq — Angular design system",
    "ru": "Koobiq — дизайн-система для Angular",
  },
  "seoIconsDescription": {
    "en": "Koobiq design system icon catalog with search and usage options.",
    "ru": "Каталог иконок дизайн-системы Koobiq с поиском и вариантами использования.",
  },
  "seoSiteDescription": {
    "en": "Koobiq — Angular components library and design system.",
    "ru": "Koobiq — библиотека компонентов и дизайн-система для Angular.",
  },
  "showExampleCode": {
    "en": "Show code",
    "ru": "Показать код",
  },
  "themeButtonLabel": {
    "en": "Appearance theme",
    "ru": "Тема оформления",
  },
  "themeCustomGroupHeader": {
    "en": "APPEARANCE",
    "ru": "ОФОРМЛЕНИЕ",
  },
  "themeCustomName": {
    "en": "My theme",
    "ru": "Моя тема",
  },
  "themeDark": {
    "en": "Dark",
    "ru": "Тёмная",
  },
  "themeGroupHeader": {
    "en": "THEME",
    "ru": "ТЕМА",
  },
  "themeLight": {
    "en": "Light",
    "ru": "Светлая",
  },
  "themeSystem": {
    "en": "Same as system",
    "ru": "Как в системе",
  },
  "token": {
    "en": "Token",
    "ru": "Токен",
  },
  "tokensTabBorderRadius": {
    "en": "Border radius",
    "ru": "Скругления",
  },
  "tokensTabColors": {
    "en": "Colors",
    "ru": "Цвета",
  },
  "tokensTabPalette": {
    "en": "Engineer palette",
    "ru": "Инженерная палитра",
  },
  "tokensTabPlayground": {
    "en": "Playground",
    "ru": "Песочница",
  },
  "tokensTabSemantic": {
    "en": "Semantic palette",
    "ru": "Семантическая палитра",
  },
  "tokensTabShadows": {
    "en": "Shadows",
    "ru": "Тени",
  },
  "tokensTabSizes": {
    "en": "Sizes",
    "ru": "Размеры",
  },
  "tokensTabTypography": {
    "en": "Typography",
    "ru": "Типографика",
  },
  "typographyExample": {
    "en": "Typography Example",
    "ru": "Пример типографики",
  },
  "value": {
    "en": "Value",
    "ru": "Значение",
  },
  "viewSourceOnGitHub": {
    "en": "Source code",
    "ru": "Исходный код",
  },
  "welcomeDescription": {
    "en": "A set of principles and tools for creating web applications. The design system simplifies product development and ensures consistency across their interfaces.",
    "ru": "Набор принципов и инструментов для создания веб-приложений. Дизайн-система упрощает создание продуктов и обеспечивает единообразие их интерфейсов.",
  },
  "welcomeTitle": {
    "en": "Koobiq design system",
    "ru": "Дизайн-система Koobiq",
  },
}
`;
